02:17:35 **** Auto Build of configuration Debug for project lwip_enabled ****
make pre-build main-build 
a9-linaro-pre-build-step
' '
'Building file: ../src/adc_core.c'
'Invoking: ARM v7 gcc compiler'
arm-none-eabi-gcc -Wall -O0 -g3 -c -fmessage-length=0 -MT"src/adc_core.o" -mcpu=cortex-a9 -mfpu=vfpv3 -mfloat-abi=hard -I../../lwip_enabled_bsp/ps7_cortexa9_0/include -MMD -MP -MF"src/adc_core.d" -MT"src/adc_core.o" -o "src/adc_core.o" "../src/adc_core.c"
../src/adc_core.c: In function 'adc_dma_isr':
../src/adc_core.c:180:45: warning: passing argument 2 of 'adc_dma_read' discards 'volatile' qualifier from pointer target type [-Wdiscarded-qualifiers]
    adc_dma_read(AXI_DMAC_REG_START_TRANSFER,&ret);
                                             ^
../src/adc_core.c:124:6: note: expected 'uint32_t * {aka long unsigned int *}' but argument is of type 'volatile uint32_t * {aka volatile long unsigned int *}'
 void adc_dma_read(uint32_t regAddr, uint32_t *data)
      ^~~~~~~~~~~~
../src/adc_core.c:183:46: warning: passing argument 2 of 'adc_dma_read' discards 'volatile' qualifier from pointer target type [-Wdiscarded-qualifiers]
     adc_dma_read(AXI_DMAC_REG_START_TRANSFER,&ret);//wait for queue to clear.
                                              ^
../src/adc_core.c:124:6: note: expected 'uint32_t * {aka long unsigned int *}' but argument is of type 'volatile uint32_t * {aka volatile long unsigned int *}'
 void adc_dma_read(uint32_t regAddr, uint32_t *data)
      ^~~~~~~~~~~~
'Finished building: ../src/adc_core.c'
' '
'Building target: lwip_enabled.elf'
'Invoking: ARM v7 gcc linker'
arm-none-eabi-gcc -mcpu=cortex-a9 -mfpu=vfpv3 -mfloat-abi=hard -Wl,-build-id=none -specs=Xilinx.spec -Wl,-T -Wl,../src/lscript.ld -L../../lwip_enabled_bsp/ps7_cortexa9_0/lib -o "lwip_enabled.elf"  ./src/ad9361.o ./src/ad9361_api.o ./src/ad9361_conv.o ./src/adc_core.o ./src/command.o ./src/console.o ./src/dac_core.o ./src/i2c_access.o ./src/iic_phyreset.o ./src/main.o ./src/platform.o ./src/platform_mb.o ./src/platform_zynq.o ./src/platform_zynqmp.o ./src/sdr.o ./src/sfp.o ./src/si5324.o ./src/udp_perf_client.o ./src/util.o   -Wl,--start-group,-lxil,-lgcc,-lc,--end-group -Wl,--start-group,-lxil,-llwip4,-lgcc,-lc,--end-group
'Finished building target: lwip_enabled.elf'
' '
'Invoking: ARM v7 Print Size'
arm-none-eabi-size lwip_enabled.elf  |tee "lwip_enabled.elf.size"
   text	   data	    bss	    dec	    hex	filename
 350284	   5804	32626976	32983064	1f74818	lwip_enabled.elf
'Finished building: lwip_enabled.elf.size'
' '

02:17:35 Build Finished (took 900ms)

