13:54:27 **** Auto Build of configuration Debug for project sdr ****
make pre-build main-build 
a9-linaro-pre-build-step
' '
'Building file: ../src/main.c'
'Invoking: ARM v7 gcc compiler'
arm-none-eabi-gcc -Wall -O0 -g3 -c -fmessage-length=0 -MT"src/main.o" -mcpu=cortex-a9 -mfpu=vfpv3 -mfloat-abi=hard -I../../sdr_bsp/ps7_cortexa9_0/include -MMD -MP -MF"src/main.d" -MT"src/main.o" -o "src/main.o" "../src/main.c"
'Finished building: ../src/main.c'
' '
'Building target: sdr.elf'
'Invoking: ARM v7 gcc linker'
arm-none-eabi-gcc -mcpu=cortex-a9 -mfpu=vfpv3 -mfloat-abi=hard -Wl,-build-id=none -specs=Xilinx.spec -Wl,-T -Wl,../src/lscript.ld -L../../sdr_bsp/ps7_cortexa9_0/lib -o "sdr.elf"  ./src/ad9361.o ./src/ad9361_api.o ./src/ad9361_conv.o ./src/adc_core.o ./src/command.o ./src/console.o ./src/dac_core.o ./src/main.o ./src/platform.o ./src/util.o   -Wl,--start-group,-lxil,-lgcc,-lc,--end-group
'Finished building target: sdr.elf'
' '
'Invoking: ARM v7 Print Size'
arm-none-eabi-size sdr.elf  |tee "sdr.elf.size"
   text	   data	    bss	    dec	    hex	filename
 274976	   5692	 810768	1091436	 10a76c	sdr.elf
'Finished building: sdr.elf.size'
' '

13:54:27 Build Finished (took 659ms)

