04:39:10 **** Build of configuration Debug for project sdr ****
make pre-build main-build 
a9-linaro-pre-build-step
' '
'Building file: ../src/ad9361.c'
'Invoking: ARM v7 gcc compiler'
arm-none-eabi-gcc -Wall -O0 -g3 -c -fmessage-length=0 -MT"src/ad9361.o" -mcpu=cortex-a9 -mfpu=vfpv3 -mfloat-abi=hard -I../../sdr_bsp/ps7_cortexa9_0/include -MMD -MP -MF"src/ad9361.d" -MT"src/ad9361.o" -o "src/ad9361.o" "../src/ad9361.c"
In file included from ../src/platform.h:46:0,
                 from ../src/ad9361.c:49:
../src/ad9361.c: In function 'ad9361_load_gt':
../src/ad9361.c:1413:26: warning: format '%d' expects argument of type 'int', but argument 4 has type 'uint32_t {aka long unsigned int}' [-Wformat=]
  dev_dbg(&phy->spi->dev, "%s: frequency %"PRIu64" (band %d)",
                          ^
../src/util.h:77:52: note: in definition of macro 'dev_dbg'
 #define dev_dbg(dev, format, ...) ({ if (0) printf(format, ## __VA_ARGS__); })
                                                    ^~~~~~
../src/ad9361.c: In function 'set_split_table_gain':
../src/ad9361.c:2115:16: warning: format '%d' expects argument of type 'int', but argument 2 has type 'int32_t {aka long int}' [-Wformat=]
   dev_err(dev, "Invalid gain %d, supported range [%d - %d]\n",
                ^
    rx_gain->gain_db, phy->gt_info[ad9361_gt(phy)].
    ~~~~~~~~~~   
../src/util.h:72:45: note: in definition of macro 'dev_err'
 #define dev_err(dev, format, ...)  ({printf(format, ## __VA_ARGS__);printf("\n"); })
                                             ^~~~~~
../src/ad9361.c: In function 'set_full_table_gain':
../src/ad9361.c:2159:16: warning: format '%d' expects argument of type 'int', but argument 2 has type 'int32_t {aka long int}' [-Wformat=]
   dev_err(dev, "Invalid gain %d, supported range [%d - %d]\n",
                ^
    rx_gain->gain_db, phy->gt_info[ad9361_gt(phy)].
    ~~~~~~~~~~   
../src/util.h:72:45: note: in definition of macro 'dev_err'
 #define dev_err(dev, format, ...)  ({printf(format, ## __VA_ARGS__);printf("\n"); })
                                             ^~~~~~
'Finished building: ../src/ad9361.c'
' '
'Building file: ../src/ad9361_api.c'
'Invoking: ARM v7 gcc compiler'
arm-none-eabi-gcc -Wall -O0 -g3 -c -fmessage-length=0 -MT"src/ad9361_api.o" -mcpu=cortex-a9 -mfpu=vfpv3 -mfloat-abi=hard -I../../sdr_bsp/ps7_cortexa9_0/include -MMD -MP -MF"src/ad9361_api.d" -MT"src/ad9361_api.o" -o "src/ad9361_api.o" "../src/ad9361_api.c"
'Finished building: ../src/ad9361_api.c'
' '
'Building file: ../src/ad9361_conv.c'
'Invoking: ARM v7 gcc compiler'
arm-none-eabi-gcc -Wall -O0 -g3 -c -fmessage-length=0 -MT"src/ad9361_conv.o" -mcpu=cortex-a9 -mfpu=vfpv3 -mfloat-abi=hard -I../../sdr_bsp/ps7_cortexa9_0/include -MMD -MP -MF"src/ad9361_conv.d" -MT"src/ad9361_conv.o" -o "src/ad9361_conv.o" "../src/ad9361_conv.c"
In file included from ../src/platform.h:46:0,
                 from ../src/ad9361_conv.c:46:
../src/ad9361_conv.c: In function 'ad9361_dig_tune':
../src/ad9361_conv.c:514:26: warning: format '%u' expects argument of type 'unsigned int', but argument 3 has type 'uint32_t {aka long unsigned int}' [-Wformat=]
  dev_dbg(&phy->spi->dev, "%s: freq %u flags 0x%X\n", __func__,
                          ^
../src/util.h:77:52: note: in definition of macro 'dev_dbg'
 #define dev_dbg(dev, format, ...) ({ if (0) printf(format, ## __VA_ARGS__); })
                                                    ^~~~~~
'Finished building: ../src/ad9361_conv.c'
' '
'Building file: ../src/adc_core.c'
'Invoking: ARM v7 gcc compiler'
arm-none-eabi-gcc -Wall -O0 -g3 -c -fmessage-length=0 -MT"src/adc_core.o" -mcpu=cortex-a9 -mfpu=vfpv3 -mfloat-abi=hard -I../../sdr_bsp/ps7_cortexa9_0/include -MMD -MP -MF"src/adc_core.d" -MT"src/adc_core.o" -o "src/adc_core.o" "../src/adc_core.c"
'Finished building: ../src/adc_core.c'
' '
'Building file: ../src/command.c'
'Invoking: ARM v7 gcc compiler'
arm-none-eabi-gcc -Wall -O0 -g3 -c -fmessage-length=0 -MT"src/command.o" -mcpu=cortex-a9 -mfpu=vfpv3 -mfloat-abi=hard -I../../sdr_bsp/ps7_cortexa9_0/include -MMD -MP -MF"src/command.d" -MT"src/command.o" -o "src/command.o" "../src/command.c"
'Finished building: ../src/command.c'
' '
'Building file: ../src/console.c'
'Invoking: ARM v7 gcc compiler'
arm-none-eabi-gcc -Wall -O0 -g3 -c -fmessage-length=0 -MT"src/console.o" -mcpu=cortex-a9 -mfpu=vfpv3 -mfloat-abi=hard -I../../sdr_bsp/ps7_cortexa9_0/include -MMD -MP -MF"src/console.d" -MT"src/console.o" -o "src/console.o" "../src/console.c"
../src/console.c: In function 'int_to_str':
../src/console.c:141:2: warning: value computed is not used [-Wunused-value]
  *buffer_ptr++;
  ^~~~~~~~~~~~~
'Finished building: ../src/console.c'
' '
'Building file: ../src/dac_core.c'
'Invoking: ARM v7 gcc compiler'
arm-none-eabi-gcc -Wall -O0 -g3 -c -fmessage-length=0 -MT"src/dac_core.o" -mcpu=cortex-a9 -mfpu=vfpv3 -mfloat-abi=hard -I../../sdr_bsp/ps7_cortexa9_0/include -MMD -MP -MF"src/dac_core.d" -MT"src/dac_core.o" -o "src/dac_core.o" "../src/dac_core.c"
'Finished building: ../src/dac_core.c'
' '
'Building file: ../src/main.c'
'Invoking: ARM v7 gcc compiler'
arm-none-eabi-gcc -Wall -O0 -g3 -c -fmessage-length=0 -MT"src/main.o" -mcpu=cortex-a9 -mfpu=vfpv3 -mfloat-abi=hard -I../../sdr_bsp/ps7_cortexa9_0/include -MMD -MP -MF"src/main.d" -MT"src/main.o" -o "src/main.o" "../src/main.c"
'Finished building: ../src/main.c'
' '
'Building file: ../src/platform.c'
'Invoking: ARM v7 gcc compiler'
arm-none-eabi-gcc -Wall -O0 -g3 -c -fmessage-length=0 -MT"src/platform.o" -mcpu=cortex-a9 -mfpu=vfpv3 -mfloat-abi=hard -I../../sdr_bsp/ps7_cortexa9_0/include -MMD -MP -MF"src/platform.d" -MT"src/platform.o" -o "src/platform.o" "../src/platform.c"
'Finished building: ../src/platform.c'
' '
'Building file: ../src/util.c'
'Invoking: ARM v7 gcc compiler'
arm-none-eabi-gcc -Wall -O0 -g3 -c -fmessage-length=0 -MT"src/util.o" -mcpu=cortex-a9 -mfpu=vfpv3 -mfloat-abi=hard -I../../sdr_bsp/ps7_cortexa9_0/include -MMD -MP -MF"src/util.d" -MT"src/util.o" -o "src/util.o" "../src/util.c"
'Finished building: ../src/util.c'
' '
'Building target: sdr.elf'
'Invoking: ARM v7 gcc linker'
arm-none-eabi-gcc -mcpu=cortex-a9 -mfpu=vfpv3 -mfloat-abi=hard -Wl,-build-id=none -specs=Xilinx.spec -Wl,-T -Wl,../src/lscript.ld -L../../sdr_bsp/ps7_cortexa9_0/lib -o "sdr.elf"  ./src/ad9361.o ./src/ad9361_api.o ./src/ad9361_conv.o ./src/adc_core.o ./src/command.o ./src/console.o ./src/dac_core.o ./src/main.o ./src/platform.o ./src/util.o   -Wl,--start-group,-lxil,-lgcc,-lc,--end-group
'Finished building target: sdr.elf'
' '
'Invoking: ARM v7 Print Size'
arm-none-eabi-size sdr.elf  |tee "sdr.elf.size"
   text	   data	    bss	    dec	    hex	filename
 274976	   5692	 810768	1091436	 10a76c	sdr.elf
'Finished building: sdr.elf.size'
' '

04:39:14 Build Finished (took 3s.264ms)

